discover  pgi       2020        mpiuni    none        g  7392   6
izumi     intel     19.1.0.166  mpiuni    none        g  7398   0
izumi     intel     19.1.0.166  mpiuni    none        O  7398   0
izumi     gfortran  9.3.0       mpiuni    none        g  7398   0
izumi     gfortran  9.3.0       mpiuni    none        O  7398   0
izumi     nag       7.0         mpiuni    none        g  tests  not
izumi     nag       7.0         mpich3    7.0         g  tests  not
izumi     nag       7.0         mpiuni    none        O  tests  not
izumi     nag       7.0         mpich3    7.0         O  tests  not
cheyenne  intel     18.0.5      openmpi   3.1.4       g  8903   0
cheyenne  intel     18.0.5      intelmpi  2018.4.274  g  tests  not
cheyenne  intel     18.0.5      openmpi   3.1.4       O  tests  not
cheyenne  intel     18.0.5      intelmpi  2018.4.274  O  tests  not
plavac    gfortran  9.3.0       openmpi   3.1.5       g  8327   576
plavac    gfortran  9.3.0       openmpi   3.1.5       O  8327   576
onyx      intel     2017.5      mpi       7.7.12      g  8903   0
onyx      intel     2017.5      mpi       7.7.12      O  8903   0
